<?xml version="1.0" encoding="UTF-8"?>
<Response>
    <Message>
        <Body>Hello world</Body>
        <Media>https://localhost/media</Media>
    </Message>
</Response>