<?xml version="1.0" encoding="UTF-8"?>
<Response>
    <Message>Hello World</Message>
    <Message>Hello World Again</Message>
</Response>