// This is an autogenerated file. DO NOT MODIFY
package v1

import (
	"github.com/RJPearson94/twilio-sdk-go/client"
	"github.com/RJPearson94/twilio-sdk-go/service/proxy/v1/service"
	"github.com/RJPearson94/twilio-sdk-go/service/proxy/v1/services"
	"github.com/RJPearson94/twilio-sdk-go/session"
	"github.com/RJPearson94/twilio-sdk-go/session/credentials"
)

type Proxy struct {
	client *client.Client

	Services *services.Client
	Service  func(string) *service.Client
}

// Used for testing purposes only
func (s Proxy) GetClient() *client.Client {
	return s.client
}

func New(sess *session.Session) *Proxy {
	config := client.GetDefaultConfig()
	config.Beta = true
	config.SubDomain = "proxy"
	config.APIVersion = "v1"

	return NewWithClient(client.New(sess, config))
}

func NewWithClient(client *client.Client) *Proxy {
	return &Proxy{
		client: client,

		Services: services.New(client),
		Service:  func(serviceSid string) *service.Client { return service.New(client, serviceSid) },
	}
}

func NewWithCredentials(creds *credentials.Credentials) *Proxy {
	return New(session.New(creds))
}
