<?xml version="1.0" encoding="UTF-8"?>
<Response>
  <Connect>
    <VirtualAgent connectorName="test-connector"></VirtualAgent>
  </Connect>
</Response>