<?xml version="1.0" encoding="UTF-8"?>
<Response>
  <Connect>
    <VirtualAgent connectorName="test-connector" language="en-US" sentimentAnalysis="true" statusCallback="http://localhost/callback"></VirtualAgent>
  </Connect>
</Response>