<?xml version="1.0" encoding="UTF-8"?>
<Response>
  <Connect>
    <Room participantIdentity="CopilotIQ">HelloWorld</Room>
  </Connect>
</Response>
