<?xml version="1.0" encoding="UTF-8"?>
<Response>
    <Dial>
        <Client statusCallback="http://localhost/callback" statusCallbackEvent="initiated ringing">
            RJPearson94
        </Client>
    </Dial>
</Response>