<?xml version="1.0" encoding="UTF-8"?>
<Response>
    <Dial>
        <Sip password="test" username="test">test@test.com</Sip>
    </Dial>
</Response>