<?xml version="1.0" encoding="UTF-8"?>
<Response>
    <Dial>
        <Queue url="http://localhost/test.xml">test</Queue>
    </Dial>
</Response>