<?xml version="1.0" encoding="UTF-8"?>
<Response>
    <Dial callerId="+4151234567">
        <Number>415-123-9876</Number>
        <Client>RJPearson94</Client>
        <Client>Rob</Client>
    </Dial>
</Response>