<?xml version="1.0" encoding="UTF-8"?>
<Response>
    <Dial>
        <Client>RJPearson94</Client>
    </Dial>
</Response>