<?xml version="1.0" encoding="UTF-8"?>
<Response>
  <Dial>
    <Client>
      <Identity>RJPearson94</Identity>
      <Parameter name="VIP" value="true"></Parameter>
    </Client>
  </Dial>
</Response>