<?xml version="1.0" encoding="UTF-8"?>
<Response>
    <Dial>
        <Conference startConferenceOnEnter="false">
            Room Hello World
        </Conference>
    </Dial>
</Response>