<?xml version="1.0" encoding="UTF-8"?>
<Response>
    <Dial>415-123-9876</Dial>
</Response>