<?xml version="1.0" encoding="UTF-8"?>
<Response>
  <Dial>
    <Conference>Room Hello World</Conference>
  </Dial>
</Response>