<?xml version="1.0" encoding="UTF-8"?>
<Response>
    <Dial>
        <Sim>DEXXXXXXXXXXXXXXXXXXXXXXXXXXXXXXXX</Sim>
    </Dial>
</Response>