<?xml version="1.0" encoding="UTF-8"?>
<Response>
    <Dial>
        <Number>
            415-123-9876
        </Number>
        <Number>
            415-123-9877
        </Number>
        <Number>
            415-123-9878
        </Number>
    </Dial>
</Response>