<?xml version="1.0" encoding="UTF-8"?>
<Response>
    <Enqueue>
        <Task priority="1" timeout="2">
            test
        </Task>
    </Enqueue>
</Response>