<?xml version="1.0" encoding="UTF-8"?>
<Response>
    <Enqueue waitUrl="http://localhost/test.xml">test</Enqueue>
</Response>