<?xml version="1.0" encoding="UTF-8"?>
<Response>
    <Gather>
        <Pause></Pause>
    </Gather>
</Response>