<?xml version="1.0" encoding="UTF-8"?>
<Response>
    <Gather>
        <Play>https://localhost/test.mp3</Play>
    </Gather>
</Response>