<?xml version="1.0" encoding="UTF-8"?>
<Response>
    <Pay>
        <Parameter></Parameter>
    </Pay>
</Response>