<?xml version="1.0" encoding="UTF-8"?>
<Response>
    <Pay action="http://localhost/pay" chargeAmount="9.99"></Pay>
</Response>