<?xml version="1.0" encoding="UTF-8"?>
<Response>
    <Play loop="10">https://localhost/test.mp3</Play>
</Response>