<?xml version="1.0" encoding="UTF-8"?>
<Response>
    <Prompt attempt="1" for="cvv"></Prompt>
</Response>