<?xml version="1.0" encoding="UTF-8"?>
<Response>
    <Queue url="http://localhost/test.xml">test</Queue>
</Response>