<?xml version="1.0" encoding="UTF-8"?>
<Response>
    <Record transcribe="true" transcribeCallback="http://localhost/transcript"></Record>
</Response>