<?xml version="1.0" encoding="UTF-8"?>
<Response>
    <Refer>
        <Sip password="test" username="test">test@test.com</Sip>
    </Refer>
</Response>