<?xml version="1.0" encoding="UTF-8"?>
<Response>
    <Refer>
        <ReferSip>refer@test.com</ReferSip>
    </Refer>
</Response>