<?xml version="1.0" encoding="UTF-8"?>
<Response>
    <Start>
        <Siprec></Siprec>
    </Start>
</Response>