<?xml version="1.0" encoding="UTF-8"?>
<Response>
    <Start>
        <Stream url="wss://localhost/stream"></Stream>
    </Start>
</Response>