<?xml version="1.0" encoding="UTF-8"?>
<Response>
    <Start action="http://localhost/start" method="POST"></Start>
</Response>