<?xml version="1.0" encoding="UTF-8"?>
<Response>
    <Stop>
        <Siprec name="test"></Siprec>
    </Stop>
</Response>