<?xml version="1.0" encoding="UTF-8"?>
<Response>
    <Stop action="http://localhost/stop" method="POST"></Stop>
</Response>