<?xml version="1.0" encoding="UTF-8"?>
<Response>
    <Stop>
        <Stream url="wss://localhost/stream"></Stream>
    </Stop>
</Response>