<?xml version="1.0" encoding="UTF-8"?>
<Response>
    <Stop>
        <Stream></Stream>
    </Stop>
</Response>