<?xml version="1.0" encoding="UTF-8"?>
<Response>
  <Receive mediaType="application/pdf" storeMedia="true"></Receive>
</Response>