<?xml version="1.0" encoding="UTF-8"?>
<Response>
  <Receive action="http://localhost/action"></Receive>
  <Reject></Reject>
</Response>